

1) create new folder

2)open git shell

3)Go to NEW folder

	$ cd my_project

4)Initialise the repository

	$ git init

D:\new> git init
Initialized empty Git repository in D:/new/.git/
D:\new [master]>

5)copy all your files to the repo:

	$ git add *

D:\new [master +1 ~0 -0]>

6)$ git status
# On branch master
#
# Initial commit
#
# Changes to be committed:
#   (use "git rm --cached <fil
#D
#       new file:   2.jpg
#


7)$ git commit -m "First commit"

[master (root-commit) 53cb295] First commit
 1 file changed, 0 insertions(+), 0 deletions(-)
 create mode 100644 2.jpg

8)Create Github project ,create repository ,copy url 
	"git@github.com:Bhagvati/Images.git"

9) $ git remote add myorigin git@github.com:Bhagvati/github.git
				

10)Pull from Github to local:

$ git pull origin master


11)And finally, push the code to Github:

$ git push origin master

Counting objects: 3, done.
Delta compression using up to 4 threads.
Compressing objects: 100% (2/2), done.
Writing objects: 100% (3/3), 7.29 KiB | 0 bytes/s, done.
Total 3 (delta 0), reused 0 (delta 0)
To git@github.com:Bhagvati/Images.git
 * [new branch]      master -> master

Thats All





